// Jest Snapshot v1, https://goo.gl/fbAQLP

exports[`Snapshot Test for Search component matches snapshot 1`] = `
<DocumentFragment>
  <div
    class="Flash-Messages-Container"
  />
  <div
    style="background-color: rgb(29, 77, 190);"
  >
    SearchLanding handleTrackSearchSubmit=/&gt;
  </div>
</DocumentFragment>
`;
